0 0.5
1 0.6084057886954979
2 0.7403152074363815
3 0.9008241153272055
4 1.0961332127231451
5 1.33378758360431
6 1.622968173510085
7 1.9748464632641898
8 2.4030160400695277
9 2.9240177382128656
10 3.5579786363540484
11 4.329389596825434
12 5.268051384453321
13 6.4102259148934655
14 7.800037106934157
15 9.491175455796848
16 11.548972177662867
17 14.052923052746676
18 17.09975946676696
19 20.80718528976332
20 25.318423953503633
21 30.807751387916714
22 37.48722856220058
23 45.61489371878808
24 55.504730778481125
25 67.53879901122617
26 82.18199255994355
27 100.0
