U_attr = 3.1138  ->  |Delta| = 1.0000 (uniform ring)
weak link, |Delta| on sites 0,1,7: 1.180 1.180 1.001
E''(0): pinned phase 0.19003 | self-consistent 0.05938 | uniform ring (14 bonds) 0.07395 -> K_lead(13 bonds) 0.07964
series rule: 1/Ksc = 16.841 ; 1/Krig + 1/Klead = 17.818
fraction of the phase drop on the junction = Ksc/Krig = 0.312
pinned           E1=-0.00045 E2=-0.05188 E4=+0.00121
self-consistent  E1=-0.00052 E2=-0.02972 E4=+0.00773

U      E_J(odd)   beta_K = 4E_J/K_lead   g_c pinned   g_c with L_K   (omega = 7.61e-4)
0.00   0.01797    0.902                  0.0728       0.0227
0.50   0.01417    0.711                  0.0819       0.0440
0.75   0.01265    0.635                  0.0867       0.0524
1.00   0.01134    0.570                  0.0916       0.0601
1.25   0.01021    0.513                  0.0965       0.0674
1.50   0.00922    0.463                  0.1016       0.0744
2.00   0.00760    0.382                  0.1118       0.0879
3.00   0.00538    0.270                  0.1330       0.1136
4.00   0.00398    0.200                  0.1547       0.1384
6.00   0.00240    0.120                  0.1991       0.1867
8.00   0.00159    0.080                  0.2443       0.2343
10.00  0.00113    0.057                  0.2900       0.2816
